// Jest Snapshot v1, https://goo.gl/fbAQLP

exports[`Checker Should work 1`] = `
Array [
  Object {
    "kind": "VariableStatement",
    "pos": 9,
    "type": "Object",
  },
  Object {
    "kind": "ArraysExpression",
    "pos": 35,
    "type": "Object",
  },
  Object {
    "kind": "IntegerLiteralExpression",
    "pos": 41,
    "type": "Integer",
  },
  Object {
    "kind": "IntegerLiteralExpression",
    "pos": 44,
    "type": "Integer",
  },
]
`;
